
  .   ____          _            __ _ _
 /\\ / ___'_ __ _ _(_)_ __  __ _ \ \ \ \
( ( )\___ | '_ | '_| | '_ \/ _` | \ \ \ \
 \\/  ___)| |_)| | | | | || (_| |  ) ) ) )
  '  |____| .__|_| |_|_| |_\__, | / / / /
 =========|_|==============|___/=/_/_/_/

 :: Spring Boot ::                (v4.0.2)

2026-07-17T19:26:10.603-06:00  INFO 19284 --- [clarops-sr-engineer-challenge] [           main] c.c.c.ClaropsChallengeApplication        : Starting ClaropsChallengeApplication v0.0.1-SNAPSHOT using Java 25.0.2 with PID 19284 (C:\Users\Moyos\Desktop\clara\clarops-engineering-challenge\target\clarops-sr-engineer-challenge-0.0.1-SNAPSHOT.jar started by Moyos in C:\Users\Moyos\Desktop\clara\clarops-engineering-challenge)
2026-07-17T19:26:10.610-06:00  INFO 19284 --- [clarops-sr-engineer-challenge] [           main] c.c.c.ClaropsChallengeApplication        : The following 1 profile is active: "e2e"
2026-07-17T19:26:11.881-06:00  INFO 19284 --- [clarops-sr-engineer-challenge] [           main] .s.d.r.c.RepositoryConfigurationDelegate : Bootstrapping Spring Data JPA repositories in DEFAULT mode.
2026-07-17T19:26:11.947-06:00  INFO 19284 --- [clarops-sr-engineer-challenge] [           main] .s.d.r.c.RepositoryConfigurationDelegate : Finished Spring Data repository scanning in 53 ms. Found 3 JPA repository interfaces.
2026-07-17T19:26:12.959-06:00  INFO 19284 --- [clarops-sr-engineer-challenge] [           main] o.s.boot.tomcat.TomcatWebServer          : Tomcat initialized with port 8080 (http)
2026-07-17T19:26:12.987-06:00  INFO 19284 --- [clarops-sr-engineer-challenge] [           main] o.apache.catalina.core.StandardService   : Starting service [Tomcat]
2026-07-17T19:26:12.988-06:00  INFO 19284 --- [clarops-sr-engineer-challenge] [           main] o.apache.catalina.core.StandardEngine    : Starting Servlet engine: [Apache Tomcat/11.0.15]
2026-07-17T19:26:13.037-06:00  INFO 19284 --- [clarops-sr-engineer-challenge] [           main] b.w.c.s.WebApplicationContextInitializer : Root WebApplicationContext: initialization completed in 2355 ms
2026-07-17T19:26:13.529-06:00  INFO 19284 --- [clarops-sr-engineer-challenge] [           main] org.hibernate.orm.jpa                    : HHH008540: Processing PersistenceUnitInfo [name: default]
2026-07-17T19:26:13.677-06:00  INFO 19284 --- [clarops-sr-engineer-challenge] [           main] org.hibernate.orm.core                   : HHH000001: Hibernate ORM core version 7.2.1.Final
2026-07-17T19:26:14.359-06:00  INFO 19284 --- [clarops-sr-engineer-challenge] [           main] o.s.o.j.p.SpringPersistenceUnitInfo      : No LoadTimeWeaver setup: ignoring JPA class transformer
2026-07-17T19:26:14.403-06:00  INFO 19284 --- [clarops-sr-engineer-challenge] [           main] com.zaxxer.hikari.HikariDataSource       : HikariPool-1 - Starting...
2026-07-17T19:26:14.674-06:00  INFO 19284 --- [clarops-sr-engineer-challenge] [           main] com.zaxxer.hikari.pool.HikariPool        : HikariPool-1 - Added connection conn0: url=jdbc:h2:mem:clarops user=SA
2026-07-17T19:26:14.678-06:00  INFO 19284 --- [clarops-sr-engineer-challenge] [           main] com.zaxxer.hikari.HikariDataSource       : HikariPool-1 - Start completed.
2026-07-17T19:26:14.712-06:00  WARN 19284 --- [clarops-sr-engineer-challenge] [           main] org.hibernate.orm.deprecation            : HHH90000025: H2Dialect does not need to be specified explicitly using 'hibernate.dialect' (remove the property setting and it will be selected by default)
2026-07-17T19:26:14.745-06:00  INFO 19284 --- [clarops-sr-engineer-challenge] [           main] org.hibernate.orm.connections.pooling    : HHH10001005: Database info:
	Database JDBC URL [jdbc:h2:mem:clarops]
	Database driver: H2 JDBC Driver
	Database dialect: H2Dialect
	Database version: 2.4.240
	Default catalog/schema: CLAROPS/PUBLIC
	Autocommit mode: undefined/unknown
	Isolation level: READ_COMMITTED [default READ_COMMITTED]
	JDBC fetch size: 100
	Pool: DataSourceConnectionProvider
	Minimum pool size: undefined/unknown
	Maximum pool size: undefined/unknown
2026-07-17T19:26:15.932-06:00  INFO 19284 --- [clarops-sr-engineer-challenge] [           main] org.hibernate.orm.core                   : HHH000489: No JTA platform available (set 'hibernate.transaction.jta.platform' to enable JTA platform integration)
2026-07-17T19:26:16.026-06:00  INFO 19284 --- [clarops-sr-engineer-challenge] [           main] j.LocalContainerEntityManagerFactoryBean : Initialized JPA EntityManagerFactory for persistence unit 'default'
2026-07-17T19:26:16.204-06:00  INFO 19284 --- [clarops-sr-engineer-challenge] [           main] o.s.d.j.r.query.QueryEnhancerFactories   : Hibernate is in classpath; If applicable, HQL parser will be used.
2026-07-17T19:26:16.893-06:00  WARN 19284 --- [clarops-sr-engineer-challenge] [           main] JpaBaseConfiguration$JpaWebConfiguration : spring.jpa.open-in-view is enabled by default. Therefore, database queries may be performed during view rendering. Explicitly configure spring.jpa.open-in-view to disable this warning
2026-07-17T19:26:17.708-06:00  INFO 19284 --- [clarops-sr-engineer-challenge] [           main] o.s.b.a.e.web.EndpointLinksResolver      : Exposing 3 endpoints beneath base path '/actuator'
2026-07-17T19:26:17.880-06:00  INFO 19284 --- [clarops-sr-engineer-challenge] [           main] o.s.boot.tomcat.TomcatWebServer          : Tomcat started on port 8080 (http) with context path '/api'
2026-07-17T19:26:17.902-06:00  INFO 19284 --- [clarops-sr-engineer-challenge] [           main] c.c.c.ClaropsChallengeApplication        : Started ClaropsChallengeApplication in 7.939 seconds (process running for 8.765)
2026-07-17T19:26:18.785-06:00  INFO 19284 --- [clarops-sr-engineer-challenge] [nio-8080-exec-1] o.a.c.c.C.[Tomcat].[localhost].[/api]    : Initializing Spring DispatcherServlet 'dispatcherServlet'
2026-07-17T19:26:18.823-06:00  INFO 19284 --- [clarops-sr-engineer-challenge] [nio-8080-exec-1] o.s.web.servlet.DispatcherServlet        : Initializing Servlet 'dispatcherServlet'
2026-07-17T19:26:18.905-06:00  INFO 19284 --- [clarops-sr-engineer-challenge] [nio-8080-exec-1] o.s.web.servlet.DispatcherServlet        : Completed initialization in 1 ms
